// Jest Snapshot v1, https://goo.gl/fbAQLP

exports[`config service reducer initial state should match the snapshot 1`] = `
Object {
  "baseUrl": null,
  "config": null,
  "error": null,
  "isFetching": false,
  "shopId": null,
}
`;
