// Jest Snapshot v1, https://goo.gl/fbAQLP

exports[`template service reducer initial state should match the snapshot 1`] = `
Object {
  "error": null,
  "isFetching": false,
  "template": null,
}
`;
